[09-Jun-2025 15:57:41 America/Vancouver] Division by zero
[09-Jun-2025 16:03:47 America/Vancouver] Division by zero
